<html>
<body>
<pre>
<h1>µVision Build Log</h1>
<h2>Project:</h2>
C:\Users\GRAJA\Downloads\MORSECODE.uvproj
Project File Date:  07/06/2026

<h2>Output:</h2>
Build target 'Target 1'
assembling Startup.s...
linking...
.\MORSECODE.axf: Warning: L6665W: Neither Lib$$Request$$armlib Lib$$Request$$cpplib defined, not searching ARM libraries.
.\MORSECODE.axf: Error: L6411E: No compatible library exists with a definition of startup symbol __main.
".\MORSECODE.axf" - 1 Errors, 1 Warning(s).
Target not created
Build target 'Target 1'
compiling morsecodefinal.c...
morsecodefinal.c(65): warning:  #1-D: last line of file ends without a newline
linking...
Program Size: Code=752 RO-data=172 RW-data=0 ZI-data=1256  
".\MORSECODE.axf" - 0 Errors, 1 Warning(s).
Build target 'Target 1'
compiling morsecodefinal.c...
morsecodefinal.c(58): warning:  #1-D: last line of file ends without a newline
linking...
Program Size: Code=752 RO-data=172 RW-data=0 ZI-data=1256  
".\MORSECODE.axf" - 0 Errors, 1 Warning(s).
